[smarthr.dreamstechnologies.com/html/template/admin-dashboard.html]
[backblue.gif]
[fade.gif]
[index.html]
[smarthr.dreamstechnologies.com/html/template/assets/img/favicon.png]
[smarthr.dreamstechnologies.com/html/template/assets/css/bootstrap.min.css]
[smarthr.dreamstechnologies.com/html/template/assets/plugins/fontawesome/css/fontawesome.min.css]
[smarthr.dreamstechnologies.com/html/template/assets/plugins/fontawesome/css/all.min.css]
[smarthr.dreamstechnologies.com/html/template/assets/css/line-awesome.min.css]
[smarthr.dreamstechnologies.com/html/template/assets/css/material.css]
[smarthr.dreamstechnologies.com/html/template/assets/plugins/morris/morris.css]
[smarthr.dreamstechnologies.com/html/template/assets/css/style.css]
[smarthr.dreamstechnologies.com/html/template/assets/img/logo.png]
[smarthr.dreamstechnologies.com/html/template/assets/img/logo2.png]
[smarthr.dreamstechnologies.com/html/template/assets/img/flags/us.png]
[smarthr.dreamstechnologies.com/html/template/assets/img/flags/fr.png]
[smarthr.dreamstechnologies.com/html/template/assets/img/flags/es.png]
[smarthr.dreamstechnologies.com/html/template/assets/img/flags/de.png]
[smarthr.dreamstechnologies.com/html/template/activities.html]
[smarthr.dreamstechnologies.com/html/template/assets/img/profiles/avatar-02.jpg]
[smarthr.dreamstechnologies.com/html/template/assets/img/profiles/avatar-03.jpg]
[smarthr.dreamstechnologies.com/html/template/assets/img/profiles/avatar-06.jpg]
[smarthr.dreamstechnologies.com/html/template/assets/img/profiles/avatar-17.jpg]
[smarthr.dreamstechnologies.com/html/template/assets/img/profiles/avatar-13.jpg]
[smarthr.dreamstechnologies.com/html/template/chat.html]
[smarthr.dreamstechnologies.com/html/template/assets/img/profiles/avatar-09.jpg]
[smarthr.dreamstechnologies.com/html/template/assets/img/profiles/avatar-05.jpg]
[smarthr.dreamstechnologies.com/html/template/assets/img/profiles/avatar-08.jpg]
[smarthr.dreamstechnologies.com/html/template/assets/img/profiles/avatar-21.jpg]
[smarthr.dreamstechnologies.com/html/template/profile.html]
[smarthr.dreamstechnologies.com/html/template/settings.html]
[smarthr.dreamstechnologies.com/html/template/index.html]
[smarthr.dreamstechnologies.com/html/template/employee-dashboard.html]
[smarthr.dreamstechnologies.com/html/template/voice-call.html]
[smarthr.dreamstechnologies.com/html/template/video-call.html]
[smarthr.dreamstechnologies.com/html/template/outgoing-call.html]
[smarthr.dreamstechnologies.com/html/template/incoming-call.html]
[smarthr.dreamstechnologies.com/html/template/events.html]
[smarthr.dreamstechnologies.com/html/template/contacts.html]
[smarthr.dreamstechnologies.com/html/template/inbox.html]
[smarthr.dreamstechnologies.com/html/template/file-manager.html]
[smarthr.dreamstechnologies.com/html/template/employees.html]
[smarthr.dreamstechnologies.com/html/template/holidays.html]
[smarthr.dreamstechnologies.com/html/template/leaves.html]
[smarthr.dreamstechnologies.com/html/template/leaves-employee.html]
[smarthr.dreamstechnologies.com/html/template/leave-settings.html]
[smarthr.dreamstechnologies.com/html/template/attendance.html]
[smarthr.dreamstechnologies.com/html/template/attendance-employee.html]
[smarthr.dreamstechnologies.com/html/template/departments.html]
[smarthr.dreamstechnologies.com/html/template/designations.html]
[smarthr.dreamstechnologies.com/html/template/timesheet.html]
[smarthr.dreamstechnologies.com/html/template/shift-scheduling.html]
[smarthr.dreamstechnologies.com/html/template/overtime.html]
[smarthr.dreamstechnologies.com/html/template/clients.html]
[smarthr.dreamstechnologies.com/html/template/projects.html]
[smarthr.dreamstechnologies.com/html/template/tasks.html]
[smarthr.dreamstechnologies.com/html/template/task-board.html]
[smarthr.dreamstechnologies.com/html/template/leads.html]
[smarthr.dreamstechnologies.com/html/template/tickets.html]
[smarthr.dreamstechnologies.com/html/template/estimates.html]
[smarthr.dreamstechnologies.com/html/template/invoices.html]
[smarthr.dreamstechnologies.com/html/template/payments.html]
[smarthr.dreamstechnologies.com/html/template/expenses.html]
[smarthr.dreamstechnologies.com/html/template/provident-fund.html]
[smarthr.dreamstechnologies.com/html/template/taxes.html]
[smarthr.dreamstechnologies.com/html/template/categories.html]
[smarthr.dreamstechnologies.com/html/template/budgets.html]
[smarthr.dreamstechnologies.com/html/template/budget-expenses.html]
[smarthr.dreamstechnologies.com/html/template/budget-revenues.html]
[smarthr.dreamstechnologies.com/html/template/salary.html]
[smarthr.dreamstechnologies.com/html/template/salary-view.html]
[smarthr.dreamstechnologies.com/html/template/payroll-items.html]
[smarthr.dreamstechnologies.com/html/template/policies.html]
[smarthr.dreamstechnologies.com/html/template/expense-reports.html]
[smarthr.dreamstechnologies.com/html/template/invoice-reports.html]
[smarthr.dreamstechnologies.com/html/template/payments-reports.html]
[smarthr.dreamstechnologies.com/html/template/project-reports.html]
[smarthr.dreamstechnologies.com/html/template/task-reports.html]
[smarthr.dreamstechnologies.com/html/template/user-reports.html]
[smarthr.dreamstechnologies.com/html/template/employee-reports.html]
[smarthr.dreamstechnologies.com/html/template/payslip-reports.html]
[smarthr.dreamstechnologies.com/html/template/attendance-reports.html]
[smarthr.dreamstechnologies.com/html/template/leave-reports.html]
[smarthr.dreamstechnologies.com/html/template/daily-reports.html]
[smarthr.dreamstechnologies.com/html/template/performance-indicator.html]
[smarthr.dreamstechnologies.com/html/template/performance.html]
[smarthr.dreamstechnologies.com/html/template/performance-appraisal.html]
[smarthr.dreamstechnologies.com/html/template/goal-tracking.html]
[smarthr.dreamstechnologies.com/html/template/goal-type.html]
[smarthr.dreamstechnologies.com/html/template/training.html]
[smarthr.dreamstechnologies.com/html/template/trainers.html]
[smarthr.dreamstechnologies.com/html/template/training-type.html]
[smarthr.dreamstechnologies.com/html/template/promotion.html]
[smarthr.dreamstechnologies.com/html/template/resignation.html]
[smarthr.dreamstechnologies.com/html/template/termination.html]
[smarthr.dreamstechnologies.com/html/template/assets.html]
[smarthr.dreamstechnologies.com/html/template/user-dashboard.html]
[smarthr.dreamstechnologies.com/html/template/jobs-dashboard.html]
[smarthr.dreamstechnologies.com/html/template/jobs.html]
[smarthr.dreamstechnologies.com/html/template/manage-resumes.html]
[smarthr.dreamstechnologies.com/html/template/shortlist-candidates.html]
[smarthr.dreamstechnologies.com/html/template/interview-questions.html]
[smarthr.dreamstechnologies.com/html/template/offer_approvals.html]
[smarthr.dreamstechnologies.com/html/template/experiance-level.html]
[smarthr.dreamstechnologies.com/html/template/candidates.html]
[smarthr.dreamstechnologies.com/html/template/schedule-timing.html]
[smarthr.dreamstechnologies.com/html/template/apptitude-result.html]
[smarthr.dreamstechnologies.com/html/template/knowledgebase.html]
[smarthr.dreamstechnologies.com/html/template/users.html]
[smarthr.dreamstechnologies.com/html/template/client-profile.html]
[smarthr.dreamstechnologies.com/html/template/register.html]
[smarthr.dreamstechnologies.com/html/template/forgot-password.html]
[smarthr.dreamstechnologies.com/html/template/otp.html]
[smarthr.dreamstechnologies.com/html/template/lock-screen.html]
[smarthr.dreamstechnologies.com/html/template/error-404.html]
[smarthr.dreamstechnologies.com/html/template/error-500.html]
[smarthr.dreamstechnologies.com/html/template/subscriptions.html]
[smarthr.dreamstechnologies.com/html/template/subscriptions-company.html]
[smarthr.dreamstechnologies.com/html/template/subscribed-companies.html]
[smarthr.dreamstechnologies.com/html/template/search.html]
[smarthr.dreamstechnologies.com/html/template/faq.html]
[smarthr.dreamstechnologies.com/html/template/terms.html]
[smarthr.dreamstechnologies.com/html/template/privacy-policy.html]
[smarthr.dreamstechnologies.com/html/template/blank-page.html]
[smarthr.dreamstechnologies.com/html/template/alerts.html]
[smarthr.dreamstechnologies.com/html/template/accordions.html]
[smarthr.dreamstechnologies.com/html/template/avatar.html]
[smarthr.dreamstechnologies.com/html/template/badges.html]
[smarthr.dreamstechnologies.com/html/template/buttons.html]
[smarthr.dreamstechnologies.com/html/template/buttongroup.html]
[smarthr.dreamstechnologies.com/html/template/breadcrumbs.html]
[smarthr.dreamstechnologies.com/html/template/cards.html]
[smarthr.dreamstechnologies.com/html/template/carousel.html]
[smarthr.dreamstechnologies.com/html/template/dropdowns.html]
[smarthr.dreamstechnologies.com/html/template/grid.html]
[smarthr.dreamstechnologies.com/html/template/images.html]
[smarthr.dreamstechnologies.com/html/template/lightbox.html]
[smarthr.dreamstechnologies.com/html/template/media.html]
[smarthr.dreamstechnologies.com/html/template/modal.html]
[smarthr.dreamstechnologies.com/html/template/offcanvas.html]
[smarthr.dreamstechnologies.com/html/template/pagination.html]
[smarthr.dreamstechnologies.com/html/template/popover.html]
[smarthr.dreamstechnologies.com/html/template/progress.html]
[smarthr.dreamstechnologies.com/html/template/placeholders.html]
[smarthr.dreamstechnologies.com/html/template/rangeslider.html]
[smarthr.dreamstechnologies.com/html/template/spinners.html]
[smarthr.dreamstechnologies.com/html/template/sweetalerts.html]
[smarthr.dreamstechnologies.com/html/template/tab.html]
[smarthr.dreamstechnologies.com/html/template/toastr.html]
[smarthr.dreamstechnologies.com/html/template/tooltip.html]
[smarthr.dreamstechnologies.com/html/template/typography.html]
[smarthr.dreamstechnologies.com/html/template/video.html]
[smarthr.dreamstechnologies.com/html/template/ribbon.html]
[smarthr.dreamstechnologies.com/html/template/clipboard.html]
[smarthr.dreamstechnologies.com/html/template/drag-drop.html]
[smarthr.dreamstechnologies.com/html/template/rating.html]
[smarthr.dreamstechnologies.com/html/template/text-editor.html]
[smarthr.dreamstechnologies.com/html/template/counter.html]
[smarthr.dreamstechnologies.com/html/template/scrollbar.html]
[smarthr.dreamstechnologies.com/html/template/notification.html]
[smarthr.dreamstechnologies.com/html/template/stickynote.html]
[smarthr.dreamstechnologies.com/html/template/timeline.html]
[smarthr.dreamstechnologies.com/html/template/horizontal-timeline.html]
[smarthr.dreamstechnologies.com/html/template/form-wizard.html]
[smarthr.dreamstechnologies.com/html/template/chart-apex.html]
[smarthr.dreamstechnologies.com/html/template/chart-js.html]
[smarthr.dreamstechnologies.com/html/template/chart-morris.html]
[smarthr.dreamstechnologies.com/html/template/chart-flot.html]
[smarthr.dreamstechnologies.com/html/template/chart-peity.html]
[smarthr.dreamstechnologies.com/html/template/chart-c3.html]
[smarthr.dreamstechnologies.com/html/template/icon-fontawesome.html]
[smarthr.dreamstechnologies.com/html/template/icon-feather.html]
[smarthr.dreamstechnologies.com/html/template/icon-ionic.html]
[smarthr.dreamstechnologies.com/html/template/icon-material.html]
[smarthr.dreamstechnologies.com/html/template/icon-pe7.html]
[smarthr.dreamstechnologies.com/html/template/icon-simpleline.html]
[smarthr.dreamstechnologies.com/html/template/icon-themify.html]
[smarthr.dreamstechnologies.com/html/template/icon-weather.html]
[smarthr.dreamstechnologies.com/html/template/icon-typicon.html]
[smarthr.dreamstechnologies.com/html/template/icon-flag.html]
[smarthr.dreamstechnologies.com/html/template/form-basic-inputs.html]
[smarthr.dreamstechnologies.com/html/template/form-input-groups.html]
[smarthr.dreamstechnologies.com/html/template/form-horizontal.html]
[smarthr.dreamstechnologies.com/html/template/form-vertical.html]
[smarthr.dreamstechnologies.com/html/template/form-mask.html]
[smarthr.dreamstechnologies.com/html/template/form-validation.html]
[smarthr.dreamstechnologies.com/html/template/form-select2.html]
[smarthr.dreamstechnologies.com/html/template/form-fileupload.html]
[smarthr.dreamstechnologies.com/html/template/tables-basic.html]
[smarthr.dreamstechnologies.com/html/template/data-tables.html]
[smarthr.dreamstechnologies.com/html/template/calender.html]
[smarthr.dreamstechnologies.com/html/template/job-applicants.html]
[smarthr.dreamstechnologies.com/html/template/assets/img/user.jpg]
[smarthr.dreamstechnologies.com/html/template/invoice-view.html]
[smarthr.dreamstechnologies.com/html/template/assets/img/profiles/avatar-19.jpg]
[smarthr.dreamstechnologies.com/html/template/assets/img/profiles/avatar-07.jpg]
[smarthr.dreamstechnologies.com/html/template/assets/img/profiles/avatar-14.jpg]
[smarthr.dreamstechnologies.com/html/template/assets/img/close.png]
[smarthr.dreamstechnologies.com/html/template/project-view.html]
[smarthr.dreamstechnologies.com/html/template/assets/img/vertical.png]
[smarthr.dreamstechnologies.com/html/template/assets/img/horizontal.png]
[smarthr.dreamstechnologies.com/html/template/assets/img/two-col.png]
[smarthr.dreamstechnologies.com/html/template/assets/img/boxed.png]
[smarthr.dreamstechnologies.com/html/template/assets/img/dark.png]
[smarthr.dreamstechnologies.com/html/template/assets/img/compact.png]
[smarthr.dreamstechnologies.com/html/template/assets/img/small-hover.png]
[smarthr.dreamstechnologies.com/html/template/assets/img/detached.png]
[smarthr.dreamstechnologies.com/cdn-cgi/scripts/5c5dd728/cloudflare-static/email-decode.min.js]
[smarthr.dreamstechnologies.com/html/template/assets/js/jquery-3.7.1.min.js]
[smarthr.dreamstechnologies.com/html/template/assets/js/bootstrap.bundle.min.js]
[smarthr.dreamstechnologies.com/html/template/assets/js/jquery.slimscroll.min.js]
[smarthr.dreamstechnologies.com/html/template/assets/plugins/morris/morris.min.js]
[smarthr.dreamstechnologies.com/html/template/assets/plugins/raphael/raphael.min.js]
[smarthr.dreamstechnologies.com/html/template/assets/js/chart.js]
[smarthr.dreamstechnologies.com/html/template/assets/js/greedynav.js]
[smarthr.dreamstechnologies.com/html/template/assets/js/layout.js]
[smarthr.dreamstechnologies.com/html/template/assets/js/theme-settings.js]
[smarthr.dreamstechnologies.com/html/template/assets/js/app.js]
[smarthr.dreamstechnologies.com/html/template/admin-dashboard.html]
[smarthr.dreamstechnologies.com/html/template/assets/css/bootstrap.min.css]
[smarthr.dreamstechnologies.com/html/template/assets/plugins/fontawesome/css/fontawesome.min.css]
[smarthr.dreamstechnologies.com/html/template/assets/plugins/fontawesome/webfonts/fa-brands-400.woff2]
[smarthr.dreamstechnologies.com/html/template/assets/plugins/fontawesome/webfonts/fa-brands-400.ttf]
[smarthr.dreamstechnologies.com/html/template/assets/plugins/fontawesome/webfonts/fa-regular-400.woff2]
[smarthr.dreamstechnologies.com/html/template/assets/plugins/fontawesome/webfonts/fa-regular-400.ttf]
[smarthr.dreamstechnologies.com/html/template/assets/plugins/fontawesome/webfonts/fa-solid-900.woff2]
[smarthr.dreamstechnologies.com/html/template/assets/plugins/fontawesome/webfonts/fa-solid-900.ttf]
[smarthr.dreamstechnologies.com/html/template/assets/plugins/fontawesome/webfonts/fa-v4compatibility.woff2]
[smarthr.dreamstechnologies.com/html/template/assets/plugins/fontawesome/css/all.min.css]
[smarthr.dreamstechnologies.com/html/template/assets/plugins/fontawesome/webfonts/fa-v4compatibility.ttf]
[smarthr.dreamstechnologies.com/html/template/assets/fonts/la-brands-400.eot]
[smarthr.dreamstechnologies.com/html/template/assets/fonts/la-brands-400d41d.eot]
[smarthr.dreamstechnologies.com/html/template/assets/fonts/la-brands-400.woff2]
[smarthr.dreamstechnologies.com/html/template/assets/fonts/la-brands-400.woff]
[smarthr.dreamstechnologies.com/html/template/assets/fonts/la-brands-400.ttf]
[smarthr.dreamstechnologies.com/html/template/assets/fonts/la-regular-400.eot]
[smarthr.dreamstechnologies.com/html/template/assets/fonts/la-brands-400.svg]
[smarthr.dreamstechnologies.com/html/template/assets/fonts/la-regular-400d41d.eot]
[smarthr.dreamstechnologies.com/html/template/assets/fonts/la-regular-400.woff2]
[smarthr.dreamstechnologies.com/html/template/assets/fonts/la-regular-400.woff]
[smarthr.dreamstechnologies.com/html/template/assets/fonts/la-regular-400.ttf]
[smarthr.dreamstechnologies.com/html/template/assets/fonts/la-regular-400.svg]
[smarthr.dreamstechnologies.com/html/template/assets/fonts/la-solid-900.eot]
[smarthr.dreamstechnologies.com/html/template/assets/fonts/la-solid-900d41d.eot]
[smarthr.dreamstechnologies.com/html/template/assets/fonts/la-solid-900.woff2]
[smarthr.dreamstechnologies.com/html/template/assets/fonts/la-solid-900.woff]
[smarthr.dreamstechnologies.com/html/template/assets/fonts/la-solid-900.ttf]
[smarthr.dreamstechnologies.com/html/template/assets/css/line-awesome.min.css]
[smarthr.dreamstechnologies.com/html/template/assets/css/material.css]
[smarthr.dreamstechnologies.com/html/template/assets/plugins/morris/morris.css]
[smarthr.dreamstechnologies.com/html/template/assets/fonts/la-solid-900.svg]
[smarthr.dreamstechnologies.com/html/template/assets/fonts/MaterialIcons-Regular.eot]
[smarthr.dreamstechnologies.com/html/template/assets/fonts/MaterialIcons-Regular.woff2]
[smarthr.dreamstechnologies.com/html/template/assets/fonts/MaterialIcons-Regular.woff]
[smarthr.dreamstechnologies.com/html/template/assets/fonts/MaterialIcons-Regular.ttf]
[smarthr.dreamstechnologies.com/html/template/assets/fonts/CircularStd-Book.woff]
[smarthr.dreamstechnologies.com/html/template/assets/fonts/CircularStd-BookItalic.woff]
[smarthr.dreamstechnologies.com/html/template/assets/fonts/CircularStd-Medium.woff]
[smarthr.dreamstechnologies.com/html/template/assets/fonts/CircularStd-MediumItalic.woff]
[smarthr.dreamstechnologies.com/html/template/assets/fonts/CircularStd-Bold.woff]
[smarthr.dreamstechnologies.com/html/template/assets/fonts/CircularStd-BoldItalic.woff]
[smarthr.dreamstechnologies.com/html/template/assets/fonts/CircularStd-Black.woff]
[smarthr.dreamstechnologies.com/html/template/assets/fonts/CircularStd-BlackItalic.woff]
[smarthr.dreamstechnologies.com/html/template/assets/css/style.css]
[smarthr.dreamstechnologies.com/html/template/assets/img/arrow.svg]
[smarthr.dreamstechnologies.com/html/template/assets/img/profiles/avatar-01.jpg]
[smarthr.dreamstechnologies.com/html/template/assets/img/profiles/avatar-16.jpg]
[smarthr.dreamstechnologies.com/html/template/activities.html]
[smarthr.dreamstechnologies.com/html/template/assets/img/profiles/avatar-10.jpg]
[smarthr.dreamstechnologies.com/html/template/assets/img/placeholder.jpg]
[smarthr.dreamstechnologies.com/html/template/assets/img/attachment.png]
[smarthr.dreamstechnologies.com/html/template/assets/js/dropfiles.js]
[smarthr.dreamstechnologies.com/html/template/chat.html]
[smarthr.dreamstechnologies.com/html/template/assets/css/dataTables.bootstrap4.min.css]
[smarthr.dreamstechnologies.com/html/template/assets/css/select2.min.css]
[smarthr.dreamstechnologies.com/html/template/assets/css/bootstrap-datetimepicker.min.css]
[smarthr.dreamstechnologies.com/html/template/assets/plugins/bootstrap-tagsinput/bootstrap-tagsinput.css]
[smarthr.dreamstechnologies.com/html/template/assets-details.html]
[smarthr.dreamstechnologies.com/html/template/assets/img/laptop.png]
[smarthr.dreamstechnologies.com/html/template/user-asset-details.html]
[smarthr.dreamstechnologies.com/html/template/assets/img/icons/eye.svg]
[smarthr.dreamstechnologies.com/html/template/assets/img/keyboard.png]
[smarthr.dreamstechnologies.com/html/template/assets/img/mouse.png]
[smarthr.dreamstechnologies.com/html/template/assets/js/select2.min.js]
[smarthr.dreamstechnologies.com/html/template/assets/js/moment.min.js]
[smarthr.dreamstechnologies.com/html/template/assets/js/bootstrap-datetimepicker.min.js]
[smarthr.dreamstechnologies.com/html/template/assets/js/jquery.dataTables.min.js]
[smarthr.dreamstechnologies.com/html/template/assets/js/dataTables.bootstrap4.min.js]
[smarthr.dreamstechnologies.com/html/template/assets/plugins/bootstrap-tagsinput/bootstrap-tagsinput.min.js]
[smarthr.dreamstechnologies.com/html/template/profile.html]
[smarthr.dreamstechnologies.com/html/template/localization.html]
[smarthr.dreamstechnologies.com/html/template/theme-settings.html]
[smarthr.dreamstechnologies.com/html/template/roles-permissions.html]
[smarthr.dreamstechnologies.com/html/template/email-settings.html]
[smarthr.dreamstechnologies.com/html/template/performance-setting.html]
[smarthr.dreamstechnologies.com/html/template/approval-setting.html]
[smarthr.dreamstechnologies.com/html/template/invoice-settings.html]
[smarthr.dreamstechnologies.com/html/template/salary-settings.html]
[smarthr.dreamstechnologies.com/html/template/notifications-settings.html]
[smarthr.dreamstechnologies.com/html/template/change-password.html]
[smarthr.dreamstechnologies.com/html/template/leave-type.html]
[smarthr.dreamstechnologies.com/html/template/toxbox-setting.html]
[smarthr.dreamstechnologies.com/html/template/settings.html]
[smarthr.dreamstechnologies.com/html/template/cron-setting.html]
[smarthr.dreamstechnologies.com/html/template/index.html]
[smarthr.dreamstechnologies.com/html/template/job-list.html]
[smarthr.dreamstechnologies.com/html/template/assets/img/profiles/avatar-04.jpg]
[smarthr.dreamstechnologies.com/html/template/employee-dashboard.html]
[smarthr.dreamstechnologies.com/html/template/voice-call.html]
[smarthr.dreamstechnologies.com/html/template/assets/img/video-call.jpg]
[smarthr.dreamstechnologies.com/html/template/video-call.html]
[smarthr.dreamstechnologies.com/html/template/outgoing-call.html]
[smarthr.dreamstechnologies.com/html/template/assets/img/profiles/avatar-11.jpg]
[smarthr.dreamstechnologies.com/html/template/incoming-call.html]
[smarthr.dreamstechnologies.com/html/template/assets/css/fullcalendar.min.css]
[smarthr.dreamstechnologies.com/html/template/assets/js/jquery-ui.min.js]
[smarthr.dreamstechnologies.com/html/template/assets/js/fullcalendar.min.js]
[smarthr.dreamstechnologies.com/html/template/assets/js/jquery.fullcalendar.js]
[smarthr.dreamstechnologies.com/html/template/events.html]
[smarthr.dreamstechnologies.com/html/template/assets/img/profiles/avatar-12.jpg]
[smarthr.dreamstechnologies.com/html/template/contacts.html]
[smarthr.dreamstechnologies.com/html/template/compose.html]
[smarthr.dreamstechnologies.com/html/template/inbox.html]
[smarthr.dreamstechnologies.com/html/template/file-manager.html]
[smarthr.dreamstechnologies.com/html/template/mail-view.html]
[smarthr.dreamstechnologies.com/html/template/employees.html]
[smarthr.dreamstechnologies.com/html/template/holidays.html]
[smarthr.dreamstechnologies.com/html/template/employees-list.html]
[smarthr.dreamstechnologies.com/html/template/assets/img/profiles/avatar-24.jpg]
[smarthr.dreamstechnologies.com/html/template/assets/img/profiles/avatar-15.jpg]
[smarthr.dreamstechnologies.com/html/template/assets/img/profiles/avatar-20.jpg]
[smarthr.dreamstechnologies.com/html/template/assets/img/profiles/avatar-25.jpg]
[smarthr.dreamstechnologies.com/html/template/leaves.html]
[smarthr.dreamstechnologies.com/html/template/leaves-employee.html]
[smarthr.dreamstechnologies.com/html/template/assets/js/multiselect.min.js]
[smarthr.dreamstechnologies.com/html/template/leave-settings.html]
[smarthr.dreamstechnologies.com/html/template/attendance.html]
[smarthr.dreamstechnologies.com/html/template/attendance-employee.html]
[smarthr.dreamstechnologies.com/html/template/departments.html]
[smarthr.dreamstechnologies.com/html/template/designations.html]
[smarthr.dreamstechnologies.com/html/template/timesheet.html]
[smarthr.dreamstechnologies.com/html/template/shift-scheduling.html]
[smarthr.dreamstechnologies.com/html/template/overtime.html]
[smarthr.dreamstechnologies.com/html/template/shift-list.html]
[smarthr.dreamstechnologies.com/html/template/clients-list.html]
[smarthr.dreamstechnologies.com/html/template/assets/img/profiles/avatar-29.jpg]
[smarthr.dreamstechnologies.com/html/template/assets/img/profiles/avatar-18.jpg]
[smarthr.dreamstechnologies.com/html/template/assets/img/profiles/avatar-28.jpg]
[smarthr.dreamstechnologies.com/html/template/clients.html]
[smarthr.dreamstechnologies.com/html/template/assets/css/ckeditor.css]
[smarthr.dreamstechnologies.com/html/template/project-list.html]
[smarthr.dreamstechnologies.com/html/template/projects.html]
[smarthr.dreamstechnologies.com/html/template/assets/js/ckeditor.js]
[smarthr.dreamstechnologies.com/html/template/assets/img/profiles/avatar-26.jpg]
[smarthr.dreamstechnologies.com/html/template/assets/js/task.js]
[smarthr.dreamstechnologies.com/html/template/tasks.html]
[smarthr.dreamstechnologies.com/html/template/assets/js/jquery.ui.touch-punch.min.js]
[smarthr.dreamstechnologies.com/html/template/task-board.html]
[smarthr.dreamstechnologies.com/html/template/leads.html]
[smarthr.dreamstechnologies.com/html/template/tickets.html]
[smarthr.dreamstechnologies.com/html/template/ticket-view.html]
[smarthr.dreamstechnologies.com/html/template/create-estimate.html]
[smarthr.dreamstechnologies.com/html/template/estimate-view.html]
[smarthr.dreamstechnologies.com/html/template/estimates.html]
[smarthr.dreamstechnologies.com/html/template/edit-estimate.html]
[smarthr.dreamstechnologies.com/html/template/create-invoice.html]
[smarthr.dreamstechnologies.com/html/template/invoices.html]
[smarthr.dreamstechnologies.com/html/template/payments.html]
[smarthr.dreamstechnologies.com/html/template/expenses.html]
[smarthr.dreamstechnologies.com/html/template/provident-fund.html]
[smarthr.dreamstechnologies.com/html/template/taxes.html]
[smarthr.dreamstechnologies.com/html/template/edit-invoice.html]
[smarthr.dreamstechnologies.com/html/template/categories.html]
[smarthr.dreamstechnologies.com/html/template/budgets.html]
[smarthr.dreamstechnologies.com/html/template/budget-expenses.html]
[smarthr.dreamstechnologies.com/html/template/budget-revenues.html]
[smarthr.dreamstechnologies.com/html/template/salary.html]
[smarthr.dreamstechnologies.com/html/template/salary-view.html]
[smarthr.dreamstechnologies.com/html/template/payroll-items.html]
[smarthr.dreamstechnologies.com/html/template/policies.html]
[smarthr.dreamstechnologies.com/html/template/expense-reports.html]
[smarthr.dreamstechnologies.com/html/template/invoice-reports.html]
[smarthr.dreamstechnologies.com/html/template/payments-reports.html]
[smarthr.dreamstechnologies.com/html/template/project-reports.html]
[smarthr.dreamstechnologies.com/html/template/task-reports.html]
[smarthr.dreamstechnologies.com/html/template/user-reports.html]
[smarthr.dreamstechnologies.com/html/template/employee-reports.html]
[smarthr.dreamstechnologies.com/html/template/sub-category.html]
[smarthr.dreamstechnologies.com/html/template/payslip-reports.html]
[smarthr.dreamstechnologies.com/html/template/attendance-reports.html]
[smarthr.dreamstechnologies.com/html/template/leave-reports.html]
[smarthr.dreamstechnologies.com/html/template/daily-reports.html]
[smarthr.dreamstechnologies.com/html/template/performance-indicator.html]
[smarthr.dreamstechnologies.com/html/template/performance.html]
[smarthr.dreamstechnologies.com/html/template/performance-appraisal.html]
[smarthr.dreamstechnologies.com/html/template/goal-tracking.html]
[smarthr.dreamstechnologies.com/html/template/goal-type.html]
[smarthr.dreamstechnologies.com/html/template/training.html]
[smarthr.dreamstechnologies.com/html/template/trainers.html]
[smarthr.dreamstechnologies.com/html/template/training-type.html]
[smarthr.dreamstechnologies.com/html/template/promotion.html]
[smarthr.dreamstechnologies.com/html/template/resignation.html]
[smarthr.dreamstechnologies.com/html/template/termination.html]
[smarthr.dreamstechnologies.com/html/template/assets.html]
[smarthr.dreamstechnologies.com/html/template/user-all-jobs.html]
[smarthr.dreamstechnologies.com/html/template/saved-jobs.html]
[smarthr.dreamstechnologies.com/html/template/applied-jobs.html]
[smarthr.dreamstechnologies.com/html/template/interviewing.html]
[smarthr.dreamstechnologies.com/html/template/offered-jobs.html]
[smarthr.dreamstechnologies.com/html/template/visited-jobs.html]
[smarthr.dreamstechnologies.com/html/template/archived-jobs.html]
[smarthr.dreamstechnologies.com/html/template/job-details.html]
[smarthr.dreamstechnologies.com/html/template/assets/js/Chart.min.js]
[smarthr.dreamstechnologies.com/html/template/assets/js/line-chart.js]
[smarthr.dreamstechnologies.com/html/template/user-dashboard.html]
[smarthr.dreamstechnologies.com/html/template/jobs-dashboard.html]
[smarthr.dreamstechnologies.com/html/template/jobs.html]
[smarthr.dreamstechnologies.com/html/template/manage-resumes.html]
[smarthr.dreamstechnologies.com/html/template/shortlist-candidates.html]
[smarthr.dreamstechnologies.com/html/template/interview-questions.html]
[smarthr.dreamstechnologies.com/html/template/offer_approvals.html]
[smarthr.dreamstechnologies.com/html/template/experiance-level.html]
[smarthr.dreamstechnologies.com/html/template/candidates.html]
[smarthr.dreamstechnologies.com/html/template/schedule-timing.html]
[smarthr.dreamstechnologies.com/html/template/apptitude-result.html]
[smarthr.dreamstechnologies.com/html/template/knowledgebase.html]
[smarthr.dreamstechnologies.com/html/template/users.html]
[smarthr.dreamstechnologies.com/html/template/client-profile.html]
[smarthr.dreamstechnologies.com/html/template/register.html]
[smarthr.dreamstechnologies.com/html/template/forgot-password.html]
[smarthr.dreamstechnologies.com/html/template/otp.html]
[smarthr.dreamstechnologies.com/html/template/lock-screen.html]
[smarthr.dreamstechnologies.com/html/template/error-404.html]
[smarthr.dreamstechnologies.com/html/template/error-500.html]
[smarthr.dreamstechnologies.com/html/template/subscriptions.html]
[smarthr.dreamstechnologies.com/html/template/subscriptions-company.html]
[smarthr.dreamstechnologies.com/html/template/subscribed-companies.html]
[smarthr.dreamstechnologies.com/html/template/search.html]
[smarthr.dreamstechnologies.com/html/template/faq.html]
[smarthr.dreamstechnologies.com/html/template/terms.html]
[smarthr.dreamstechnologies.com/html/template/privacy-policy.html]
[smarthr.dreamstechnologies.com/html/template/blank-page.html]
[smarthr.dreamstechnologies.com/html/template/knowledgebase-view.html]
[smarthr.dreamstechnologies.com/html/template/alerts.html]
[smarthr.dreamstechnologies.com/html/template/assets/js/feather.min.js]
[smarthr.dreamstechnologies.com/html/template/accordions.html]
[smarthr.dreamstechnologies.com/html/template/avatar.html]
[smarthr.dreamstechnologies.com/html/template/badges.html]
[smarthr.dreamstechnologies.com/html/template/buttons.html]
[smarthr.dreamstechnologies.com/html/template/buttongroup.html]
[smarthr.dreamstechnologies.com/html/template/breadcrumbs.html]
[smarthr.dreamstechnologies.com/html/template/assets/img/img-01.jpg]
[smarthr.dreamstechnologies.com/html/template/cards.html]
[smarthr.dreamstechnologies.com/html/template/assets/img/img-1.jpg]
[smarthr.dreamstechnologies.com/html/template/assets/img/img-3.jpg]
[smarthr.dreamstechnologies.com/html/template/assets/img/img-4.jpg]
[smarthr.dreamstechnologies.com/html/template/assets/img/img-2.jpg]
[smarthr.dreamstechnologies.com/html/template/carousel.html]
[smarthr.dreamstechnologies.com/html/template/dropdowns.html]
[smarthr.dreamstechnologies.com/html/template/grid.html]
[smarthr.dreamstechnologies.com/html/template/assets/img/user-6.jpg]
[smarthr.dreamstechnologies.com/html/template/assets/img/user-5.jpg]
[smarthr.dreamstechnologies.com/html/template/images.html]
[smarthr.dreamstechnologies.com/html/template/assets/plugins/lightbox/glightbox.min.css]
[smarthr.dreamstechnologies.com/html/template/assets/img/img-02.jpg]
[smarthr.dreamstechnologies.com/html/template/assets/img/img-03.jpg]
[smarthr.dreamstechnologies.com/html/template/assets/img/img-04.jpg]
[smarthr.dreamstechnologies.com/html/template/assets/img/img-05.jpg]
[smarthr.dreamstechnologies.com/html/template/assets/plugins/lightbox/glightbox.min.js]
[smarthr.dreamstechnologies.com/html/template/assets/plugins/lightbox/lightbox.js]
[smarthr.dreamstechnologies.com/html/template/lightbox.html]
[smarthr.dreamstechnologies.com/html/template/assets/img/user-7.jpg]
[smarthr.dreamstechnologies.com/html/template/media.html]
[smarthr.dreamstechnologies.com/html/template/modal.html]
[smarthr.dreamstechnologies.com/html/template/offcanvas.html]
[smarthr.dreamstechnologies.com/html/template/pagination.html]
[smarthr.dreamstechnologies.com/html/template/popover.html]
[smarthr.dreamstechnologies.com/html/template/progress.html]
[smarthr.dreamstechnologies.com/html/template/placeholders.html]
[smarthr.dreamstechnologies.com/html/template/assets/plugins/ion-rangeslider/css/ion.rangeSlider.min.css]
[smarthr.dreamstechnologies.com/html/template/assets/plugins/ion-rangeslider/js/ion.rangeSlider.min.js]
[smarthr.dreamstechnologies.com/html/template/assets/plugins/ion-rangeslider/js/custom-rangeslider.js]
[smarthr.dreamstechnologies.com/html/template/rangeslider.html]
[smarthr.dreamstechnologies.com/html/template/spinners.html]
[smarthr.dreamstechnologies.com/html/template/assets/plugins/sweetalert/sweetalert2.all.min.js]
[smarthr.dreamstechnologies.com/html/template/assets/plugins/sweetalert/sweetalerts.min.js]
[smarthr.dreamstechnologies.com/html/template/sweetalerts.html]
[smarthr.dreamstechnologies.com/html/template/tab.html]
[smarthr.dreamstechnologies.com/html/template/assets/plugins/toastr/toatr.css]
[smarthr.dreamstechnologies.com/html/template/assets/plugins/toastr/toastr.min.js]
[smarthr.dreamstechnologies.com/html/template/assets/plugins/toastr/toastr.js]
[smarthr.dreamstechnologies.com/html/template/toastr.html]
[smarthr.dreamstechnologies.com/html/template/tooltip.html]
[smarthr.dreamstechnologies.com/html/template/typography.html]
[smarthr.dreamstechnologies.com/html/template/video.html]
[smarthr.dreamstechnologies.com/html/template/ribbon.html]
[smarthr.dreamstechnologies.com/html/template/assets/plugins/dragula/css/dragula.min.css]
[smarthr.dreamstechnologies.com/html/template/assets/plugins/clipboard/clipboard.min.js]
[smarthr.dreamstechnologies.com/html/template/clipboard.html]
[smarthr.dreamstechnologies.com/html/template/assets/plugins/dragula/js/dragula.min.js]
[smarthr.dreamstechnologies.com/html/template/assets/plugins/dragula/js/drag-drop.min.js]
[smarthr.dreamstechnologies.com/html/template/drag-drop.html]
[smarthr.dreamstechnologies.com/html/template/assets/plugins/raty/jquery.raty.js]
[smarthr.dreamstechnologies.com/html/template/assets/plugins/raty/custom.raty.js]
[smarthr.dreamstechnologies.com/html/template/rating.html]
[smarthr.dreamstechnologies.com/html/template/assets/plugins/summernote/summernote-bs4.min.css]
[smarthr.dreamstechnologies.com/html/template/text-editor.html]
[smarthr.dreamstechnologies.com/html/template/assets/plugins/summernote/summernote-bs4.min.js]
[smarthr.dreamstechnologies.com/html/template/assets/plugins/countup/jquery.counterup.min.js]
[smarthr.dreamstechnologies.com/html/template/assets/plugins/countup/jquery.waypoints.min.js]
[smarthr.dreamstechnologies.com/html/template/assets/plugins/countup/jquery.missofis-countdown.js]
[smarthr.dreamstechnologies.com/html/template/counter.html]
[smarthr.dreamstechnologies.com/html/template/assets/plugins/scrollbar/scroll.min.css]
[smarthr.dreamstechnologies.com/html/template/assets/plugins/scrollbar/scrollbar.min.js]
[smarthr.dreamstechnologies.com/html/template/assets/plugins/scrollbar/custom-scroll.js]
[smarthr.dreamstechnologies.com/html/template/scrollbar.html]
[smarthr.dreamstechnologies.com/html/template/assets/plugins/alertify/alertify.min.css]
[smarthr.dreamstechnologies.com/html/template/assets/plugins/alertify/alertify.min.js]
[smarthr.dreamstechnologies.com/html/template/assets/plugins/alertify/custom-alertify.min.js]
[smarthr.dreamstechnologies.com/html/template/notification.html]
[smarthr.dreamstechnologies.com/html/template/assets/plugins/stickynote/sticky.css]
[smarthr.dreamstechnologies.com/html/template/assets/plugins/stickynote/sticky.js]
[smarthr.dreamstechnologies.com/html/template/stickynote.html]
[smarthr.dreamstechnologies.com/html/template/timeline.html]
[smarthr.dreamstechnologies.com/html/template/assets/plugins/timeline/horizontal-timeline.js]
[smarthr.dreamstechnologies.com/html/template/horizontal-timeline.html]
[smarthr.dreamstechnologies.com/html/template/form-wizard.html]
[smarthr.dreamstechnologies.com/html/template/assets/plugins/apexchart/apexcharts.min.js]
[smarthr.dreamstechnologies.com/html/template/assets/plugins/apexchart/chart-data.js]
[smarthr.dreamstechnologies.com/html/template/chart-apex.html]
[smarthr.dreamstechnologies.com/html/template/assets/plugins/chartjs/chart.min.js]
[smarthr.dreamstechnologies.com/html/template/assets/plugins/chartjs/chart-data.js]
[smarthr.dreamstechnologies.com/html/template/chart-js.html]
[smarthr.dreamstechnologies.com/html/template/assets/plugins/morris/raphael-min.js]
[smarthr.dreamstechnologies.com/html/template/assets/plugins/morris/chart-data.js]
[smarthr.dreamstechnologies.com/html/template/chart-morris.html]
[smarthr.dreamstechnologies.com/html/template/assets/plugins/flot/jquery.flot.js]
[smarthr.dreamstechnologies.com/html/template/assets/plugins/flot/jquery.flot.fillbetween.js]
[smarthr.dreamstechnologies.com/html/template/assets/plugins/flot/jquery.flot.pie.js]
[smarthr.dreamstechnologies.com/html/template/assets/plugins/flot/chart-data.js]
[smarthr.dreamstechnologies.com/html/template/chart-flot.html]
[smarthr.dreamstechnologies.com/html/template/assets/plugins/peity/jquery.peity.min.js]
[smarthr.dreamstechnologies.com/html/template/assets/plugins/peity/chart-data.js]
[smarthr.dreamstechnologies.com/html/template/chart-peity.html]
[smarthr.dreamstechnologies.com/html/template/assets/plugins/c3-chart/c3.min.css]
[smarthr.dreamstechnologies.com/html/template/assets/plugins/c3-chart/d3.v5.min.js]
[smarthr.dreamstechnologies.com/html/template/assets/plugins/c3-chart/c3.min.js]
[smarthr.dreamstechnologies.com/html/template/assets/plugins/c3-chart/chart-data.js]
[smarthr.dreamstechnologies.com/html/template/chart-c3.html]
[smarthr.dreamstechnologies.com/html/template/icon-fontawesome.html]
[smarthr.dreamstechnologies.com/html/template/assets/plugins/icons/feather/feather.css]
[smarthr.dreamstechnologies.com/html/template/icon-feather.html]
[smarthr.dreamstechnologies.com/html/template/assets/plugins/icons/ionic/ionicons.css]
[smarthr.dreamstechnologies.com/html/template/icon-ionic.html]
[smarthr.dreamstechnologies.com/html/template/icon-material.html]
[smarthr.dreamstechnologies.com/html/template/assets/plugins/material/materialdesignicons.css]
[smarthr.dreamstechnologies.com/html/template/assets/plugins/icons/pe7/pe-icon-7.css]
[smarthr.dreamstechnologies.com/html/template/icon-pe7.html]
[smarthr.dreamstechnologies.com/html/template/assets/plugins/simpleline/simple-line-icons.css]
[smarthr.dreamstechnologies.com/html/template/icon-simpleline.html]
[smarthr.dreamstechnologies.com/html/template/assets/plugins/icons/themify/themify.css]
[smarthr.dreamstechnologies.com/html/template/icon-themify.html]
[smarthr.dreamstechnologies.com/html/template/assets/plugins/icons/weather/weathericons.css]
[smarthr.dreamstechnologies.com/html/template/icon-weather.html]
[smarthr.dreamstechnologies.com/html/template/assets/plugins/icons/typicons/typicons.css]
[smarthr.dreamstechnologies.com/html/template/icon-typicon.html]
[smarthr.dreamstechnologies.com/html/template/assets/plugins/icons/flags/flags.css]
[smarthr.dreamstechnologies.com/html/template/icon-flag.html]
[smarthr.dreamstechnologies.com/html/template/form-basic-inputs.html]
[smarthr.dreamstechnologies.com/html/template/form-input-groups.html]
[smarthr.dreamstechnologies.com/html/template/form-horizontal.html]
[smarthr.dreamstechnologies.com/html/template/form-vertical.html]
[smarthr.dreamstechnologies.com/html/template/assets/js/jquery.maskedinput.min.js]
[smarthr.dreamstechnologies.com/html/template/assets/js/mask.js]
[smarthr.dreamstechnologies.com/html/template/form-mask.html]
[smarthr.dreamstechnologies.com/html/template/form-validation.html]
[smarthr.dreamstechnologies.com/html/template/assets/plugins/select2/css/select2.min.css]
[smarthr.dreamstechnologies.com/html/template/assets/plugins/select2/js/select2.min.js]
[smarthr.dreamstechnologies.com/html/template/assets/plugins/select2/js/custom-select.js]
[smarthr.dreamstechnologies.com/html/template/form-select2.html]
[smarthr.dreamstechnologies.com/html/template/form-fileupload.html]
[smarthr.dreamstechnologies.com/html/template/tables-basic.html]
[smarthr.dreamstechnologies.com/html/template/data-tables.html]
[smarthr.dreamstechnologies.com/html/template/calender.html]
[smarthr.dreamstechnologies.com/html/template/job-applicants.html]
[smarthr.dreamstechnologies.com/html/template/invoice-view.html]
[smarthr.dreamstechnologies.com/html/template/project-view.html]
[smarthr.dreamstechnologies.com/html/template/assets/fonts/la-brands-400.svg]
[smarthr.dreamstechnologies.com/html/template/assets/fonts/la-regular-400.svg]
[smarthr.dreamstechnologies.com/html/template/assets/plugins/fileupload/fileupload.min.js]
[smarthr.dreamstechnologies.com/html/template/assets/fonts/la-solid-900.svg]
[smarthr.dreamstechnologies.com/html/template/assets/img/arrow.svg]
[smarthr.dreamstechnologies.com/html/template/assets/css/dataTables.bootstrap4.min.css]
[smarthr.dreamstechnologies.com/html/template/assets/css/select2.min.css]
[smarthr.dreamstechnologies.com/html/template/assets/css/bootstrap-datetimepicker.min.css]
[smarthr.dreamstechnologies.com/html/template/assets/plugins/bootstrap-tagsinput/bootstrap-tagsinput.css]
[smarthr.dreamstechnologies.com/html/template/assets/plugins/daterangepicker/daterangepicker.css]
[smarthr.dreamstechnologies.com/html/template/assets/img/img1.jpg]
[smarthr.dreamstechnologies.com/html/template/assets/img/img2.jpg]
[smarthr.dreamstechnologies.com/html/template/assets/img/img3.jpg]
[smarthr.dreamstechnologies.com/html/template/assets/img/img4.jpg]
[smarthr.dreamstechnologies.com/html/template/assets-details.html]
[smarthr.dreamstechnologies.com/html/template/assets/img/icons/icon-01.svg]
[smarthr.dreamstechnologies.com/html/template/assets/img/icons/icon-03.svg]
[smarthr.dreamstechnologies.com/html/template/assets/img/icons/icon-04.svg]
[smarthr.dreamstechnologies.com/html/template/assets/img/icons/icon-05.svg]
[smarthr.dreamstechnologies.com/html/template/user-asset-details.html]
[smarthr.dreamstechnologies.com/html/template/assets/img/icons/eye.svg]
[smarthr.dreamstechnologies.com/html/template/localization.html]
[smarthr.dreamstechnologies.com/html/template/theme-settings.html]
[smarthr.dreamstechnologies.com/html/template/roles-permissions.html]
[smarthr.dreamstechnologies.com/html/template/email-settings.html]
[smarthr.dreamstechnologies.com/html/template/performance-setting.html]
[smarthr.dreamstechnologies.com/html/template/assets/img/icons/icon-02.svg]
[smarthr.dreamstechnologies.com/html/template/approval-setting.html]
[smarthr.dreamstechnologies.com/html/template/assets/img/logo3.png]
[smarthr.dreamstechnologies.com/html/template/invoice-settings.html]
[smarthr.dreamstechnologies.com/html/template/salary-settings.html]
[smarthr.dreamstechnologies.com/html/template/notifications-settings.html]
[smarthr.dreamstechnologies.com/html/template/change-password.html]
[smarthr.dreamstechnologies.com/html/template/leave-type.html]
[smarthr.dreamstechnologies.com/html/template/toxbox-setting.html]
[smarthr.dreamstechnologies.com/html/template/cron-setting.html]
[smarthr.dreamstechnologies.com/html/template/job-list.html]
[smarthr.dreamstechnologies.com/html/template/assets/css/fullcalendar.min.css]
[smarthr.dreamstechnologies.com/html/template/compose.html]
[smarthr.dreamstechnologies.com/html/template/mail-view.html]
[smarthr.dreamstechnologies.com/html/template/employees-list.html]
[smarthr.dreamstechnologies.com/html/template/shift-list.html]
[smarthr.dreamstechnologies.com/html/template/job-view.html]
[smarthr.dreamstechnologies.com/html/template/assets/img/profiles/avatar-22.jpg]
[smarthr.dreamstechnologies.com/html/template/clients-list.html]
[smarthr.dreamstechnologies.com/html/template/assets/img/github.svg]
[smarthr.dreamstechnologies.com/html/template/assets/css/ckeditor.css]
[smarthr.dreamstechnologies.com/html/template/project-list.html]
[smarthr.dreamstechnologies.com/html/template/ticket-view.html]
[smarthr.dreamstechnologies.com/html/template/create-estimate.html]
[smarthr.dreamstechnologies.com/html/template/estimate-view.html]
[smarthr.dreamstechnologies.com/html/template/edit-estimate.html]
[smarthr.dreamstechnologies.com/html/template/create-invoice.html]
[smarthr.dreamstechnologies.com/html/template/edit-invoice.html]
[smarthr.dreamstechnologies.com/html/template/sub-category.html]
[smarthr.dreamstechnologies.com/html/template/user-all-jobs.html]
[smarthr.dreamstechnologies.com/html/template/saved-jobs.html]
[smarthr.dreamstechnologies.com/html/template/applied-jobs.html]
[smarthr.dreamstechnologies.com/html/template/interviewing.html]
[smarthr.dreamstechnologies.com/html/template/offered-jobs.html]
[smarthr.dreamstechnologies.com/html/template/visited-jobs.html]
[smarthr.dreamstechnologies.com/html/template/archived-jobs.html]
[smarthr.dreamstechnologies.com/html/template/job-details.html]
[smarthr.dreamstechnologies.com/html/template/knowledgebase-view.html]
[smarthr.dreamstechnologies.com/html/template/assets/plugins/lightbox/glightbox.min.css]
[smarthr.dreamstechnologies.com/html/template/assets/plugins/ion-rangeslider/css/ion.rangeSlider.min.css]
[smarthr.dreamstechnologies.com/html/template/assets/plugins/toastr/toatr.css]
[smarthr.dreamstechnologies.com/html/template/assets/plugins/dragula/css/dragula.min.css]
[smarthr.dreamstechnologies.com/html/template/job-aptitude.html]
[smarthr.dreamstechnologies.com/html/template/assets/plugins/summernote/font/summernote.eot]
[smarthr.dreamstechnologies.com/html/template/assets/plugins/summernote/font/summernoted41d.eot]
[smarthr.dreamstechnologies.com/html/template/assets/plugins/summernote/font/summernote.woff2]
[smarthr.dreamstechnologies.com/html/template/assets/plugins/summernote/font/summernote.woff]
[smarthr.dreamstechnologies.com/html/template/assets/plugins/summernote/summernote-bs4.min.css]
[smarthr.dreamstechnologies.com/html/template/assets/plugins/scrollbar/scroll.min.css]
[smarthr.dreamstechnologies.com/html/template/assets/plugins/alertify/alertify.min.css]
[smarthr.dreamstechnologies.com/html/template/assets/plugins/stickynote/sticky.css]
[smarthr.dreamstechnologies.com/html/template/assets/plugins/c3-chart/c3.min.css]
[smarthr.dreamstechnologies.com/html/template/assets/plugins/summernote/font/summernote.ttf]
[smarthr.dreamstechnologies.com/html/template/assets/plugins/icons/feather/fonts/feather-webfont6cfa.eot]
[smarthr.dreamstechnologies.com/html/template/assets/plugins/icons/feather/fonts/feather-webfont6cfa.woff]
[smarthr.dreamstechnologies.com/html/template/assets/plugins/icons/feather/fonts/feather-webfont6cfa.ttf]
[smarthr.dreamstechnologies.com/html/template/assets/plugins/icons/feather/fonts/feather-webfont6cfa.svg]
[smarthr.dreamstechnologies.com/html/template/assets/plugins/icons/feather/feather.css]
[smarthr.dreamstechnologies.com/html/template/assets/plugins/icons/ionic/fonts/ioniconsaa26.eot]
[smarthr.dreamstechnologies.com/html/template/assets/plugins/icons/ionic/fonts/ioniconsaa26.ttf]
[smarthr.dreamstechnologies.com/html/template/assets/plugins/icons/ionic/fonts/ioniconsaa26.woff]
[smarthr.dreamstechnologies.com/html/template/assets/plugins/icons/ionic/fonts/ioniconsaa26.svg]
[smarthr.dreamstechnologies.com/html/template/assets/plugins/icons/ionic/ionicons.css]
[smarthr.dreamstechnologies.com/html/template/assets/plugins/material/fonts/materialdesignicons-webfontdf71.eot]
[smarthr.dreamstechnologies.com/html/template/assets/plugins/material/fonts/materialdesignicons-webfontd41d.eot]
[smarthr.dreamstechnologies.com/html/template/assets/plugins/material/fonts/materialdesignicons-webfontdf71.woff2]
[smarthr.dreamstechnologies.com/html/template/assets/plugins/material/fonts/materialdesignicons/materialdesignicons-webfontdf71.woff]
[smarthr.dreamstechnologies.com/html/template/assets/plugins/material/fonts/materialdesignicons/materialdesignicons-webfontdf71.ttf]
[smarthr.dreamstechnologies.com/html/template/assets/plugins/material/fonts/materialdesignicons/materialdesignicons-webfontdf71.svg]
[smarthr.dreamstechnologies.com/html/template/assets/plugins/material/fonts/Material-Design-Iconic-Fontd1f1.woff2]
[smarthr.dreamstechnologies.com/html/template/assets/plugins/material/fonts/Material-Design-Iconic-Fontd1f1.woff]
[smarthr.dreamstechnologies.com/html/template/assets/plugins/material/fonts/Material-Design-Iconic-Fontd1f1.ttf]
[smarthr.dreamstechnologies.com/html/template/assets/plugins/material/materialdesignicons.css]
[smarthr.dreamstechnologies.com/html/template/assets/plugins/icons/pe7/fonts/Pe-icon-7-strokebb1d.eot]
[smarthr.dreamstechnologies.com/html/template/assets/plugins/icons/pe7/fonts/Pe-icon-7-stroked41d.eot]
[smarthr.dreamstechnologies.com/html/template/assets/plugins/icons/pe7/fonts/Pe-icon-7-strokebb1d.woff]
[smarthr.dreamstechnologies.com/html/template/assets/plugins/icons/pe7/fonts/Pe-icon-7-strokebb1d.ttf]
[smarthr.dreamstechnologies.com/html/template/assets/plugins/icons/pe7/fonts/Pe-icon-7-strokebb1d.svg]
[smarthr.dreamstechnologies.com/html/template/assets/plugins/icons/pe7/pe-icon-7.css]
[smarthr.dreamstechnologies.com/html/template/assets/plugins/simpleline/fonts/Simple-Line-Iconsb26c.eot]
[smarthr.dreamstechnologies.com/html/template/assets/plugins/simpleline/fonts/Simple-Line-Iconsb26c.woff2]
[smarthr.dreamstechnologies.com/html/template/assets/plugins/simpleline/fonts/Simple-Line-Iconsb26c.ttf]
[smarthr.dreamstechnologies.com/html/template/assets/plugins/simpleline/fonts/Simple-Line-Iconsb26c.woff]
[smarthr.dreamstechnologies.com/html/template/assets/plugins/simpleline/fonts/Simple-Line-Iconsb26c.svg]
[smarthr.dreamstechnologies.com/html/template/assets/plugins/simpleline/simple-line-icons.css]
[smarthr.dreamstechnologies.com/html/template/assets/plugins/icons/themify/fonts/themify9f24.eot]
[smarthr.dreamstechnologies.com/html/template/assets/plugins/icons/themify/fonts/themifyd41d.eot]
[smarthr.dreamstechnologies.com/html/template/assets/plugins/icons/themify/fonts/themify9f24.woff]
[smarthr.dreamstechnologies.com/html/template/assets/plugins/icons/themify/fonts/themify9f24.ttf]
[smarthr.dreamstechnologies.com/html/template/assets/plugins/icons/themify/fonts/themify9f24.svg]
[smarthr.dreamstechnologies.com/html/template/assets/plugins/icons/themify/themify.css]
[smarthr.dreamstechnologies.com/html/template/assets/plugins/icons/weather/fonts/weathericons-regular-webfont.eot]
[smarthr.dreamstechnologies.com/html/template/assets/plugins/icons/weather/fonts/weathericons-regular-webfontd41d.eot]
[smarthr.dreamstechnologies.com/html/template/assets/plugins/icons/weather/fonts/weathericons-regular-webfont.woff2]
[smarthr.dreamstechnologies.com/html/template/assets/plugins/icons/weather/fonts/weathericons-regular-webfont.woff]
[smarthr.dreamstechnologies.com/html/template/assets/plugins/icons/weather/fonts/weathericons-regular-webfont.ttf]
[smarthr.dreamstechnologies.com/html/template/assets/plugins/icons/weather/fonts/weathericons-regular-webfont.svg]
[smarthr.dreamstechnologies.com/html/template/assets/plugins/icons/weather/weathericons.css]
[smarthr.dreamstechnologies.com/html/template/assets/plugins/icons/typicons/fonts/typicons.eot]
[smarthr.dreamstechnologies.com/html/template/assets/plugins/icons/typicons/fonts/typiconsd41d.eot]
[smarthr.dreamstechnologies.com/html/template/assets/plugins/icons/typicons/fonts/typicons.woff]
[smarthr.dreamstechnologies.com/html/template/assets/plugins/icons/typicons/fonts/typicons.ttf]
[smarthr.dreamstechnologies.com/html/template/assets/plugins/icons/typicons/fonts/typicons.svg]
[smarthr.dreamstechnologies.com/html/template/assets/plugins/icons/typicons/typicons.css]
[smarthr.dreamstechnologies.com/html/template/assets/plugins/icons/flags/flags/ad.png]
[smarthr.dreamstechnologies.com/html/template/assets/plugins/icons/flags/flags/ae.png]
[smarthr.dreamstechnologies.com/html/template/assets/plugins/icons/flags/flags/af.png]
[smarthr.dreamstechnologies.com/html/template/assets/plugins/icons/flags/flags/ag.png]
[smarthr.dreamstechnologies.com/html/template/assets/plugins/icons/flags/flags/ai.png]
[smarthr.dreamstechnologies.com/html/template/assets/plugins/icons/flags/flags/al.png]
[smarthr.dreamstechnologies.com/html/template/assets/plugins/icons/flags/flags/am.png]
[smarthr.dreamstechnologies.com/html/template/assets/plugins/icons/flags/flags/ao.png]
[smarthr.dreamstechnologies.com/html/template/assets/plugins/icons/flags/flags/aq.png]
[smarthr.dreamstechnologies.com/html/template/assets/plugins/icons/flags/flags/ar.png]
[smarthr.dreamstechnologies.com/html/template/assets/plugins/icons/flags/flags/as.png]
[smarthr.dreamstechnologies.com/html/template/assets/plugins/icons/flags/flags/at.png]
[smarthr.dreamstechnologies.com/html/template/assets/plugins/icons/flags/flags/au.png]
[smarthr.dreamstechnologies.com/html/template/assets/plugins/icons/flags/flags/aw.png]
[smarthr.dreamstechnologies.com/html/template/assets/plugins/icons/flags/flags/ax.png]
[smarthr.dreamstechnologies.com/html/template/assets/plugins/icons/flags/flags/az.png]
[smarthr.dreamstechnologies.com/html/template/assets/plugins/icons/flags/flags/ba.png]
[smarthr.dreamstechnologies.com/html/template/assets/plugins/icons/flags/flags/bb.png]
[smarthr.dreamstechnologies.com/html/template/assets/plugins/icons/flags/flags/bd.png]
[smarthr.dreamstechnologies.com/html/template/assets/plugins/icons/flags/flags/be.png]
[smarthr.dreamstechnologies.com/html/template/assets/plugins/icons/flags/flags/bf.png]
[smarthr.dreamstechnologies.com/html/template/assets/plugins/icons/flags/flags/bg.png]
[smarthr.dreamstechnologies.com/html/template/assets/plugins/icons/flags/flags/bh.png]
[smarthr.dreamstechnologies.com/html/template/assets/plugins/icons/flags/flags/bi.png]
[smarthr.dreamstechnologies.com/html/template/assets/plugins/icons/flags/flags/bj.png]
[smarthr.dreamstechnologies.com/html/template/assets/plugins/icons/flags/flags/bl.png]
[smarthr.dreamstechnologies.com/html/template/assets/plugins/icons/flags/flags/bm.png]
[smarthr.dreamstechnologies.com/html/template/assets/plugins/icons/flags/flags/bn.png]
[smarthr.dreamstechnologies.com/html/template/assets/plugins/icons/flags/flags/bo.png]
[smarthr.dreamstechnologies.com/html/template/assets/plugins/icons/flags/flags/bq.png]
[smarthr.dreamstechnologies.com/html/template/assets/plugins/icons/flags/flags/br.png]
[smarthr.dreamstechnologies.com/html/template/assets/plugins/icons/flags/flags/bs.png]
[smarthr.dreamstechnologies.com/html/template/assets/plugins/icons/flags/flags/bt.png]
[smarthr.dreamstechnologies.com/html/template/assets/plugins/icons/flags/flags/bv.png]
[smarthr.dreamstechnologies.com/html/template/assets/plugins/icons/flags/flags/bw.png]
[smarthr.dreamstechnologies.com/html/template/assets/plugins/icons/flags/flags/by.png]
[smarthr.dreamstechnologies.com/html/template/assets/plugins/icons/flags/flags/bz.png]
[smarthr.dreamstechnologies.com/html/template/assets/plugins/icons/flags/flags/ca.png]
[smarthr.dreamstechnologies.com/html/template/assets/plugins/icons/flags/flags/cc.png]
[smarthr.dreamstechnologies.com/html/template/assets/plugins/icons/flags/flags/cd.png]
[smarthr.dreamstechnologies.com/html/template/assets/plugins/icons/flags/flags/cf.png]
[smarthr.dreamstechnologies.com/html/template/assets/plugins/icons/flags/flags/cg.png]
[smarthr.dreamstechnologies.com/html/template/assets/plugins/icons/flags/flags/ch.png]
[smarthr.dreamstechnologies.com/html/template/assets/plugins/icons/flags/flags/ci.png]
[smarthr.dreamstechnologies.com/html/template/assets/plugins/icons/flags/flags/ck.png]
[smarthr.dreamstechnologies.com/html/template/assets/plugins/icons/flags/flags/cl.png]
[smarthr.dreamstechnologies.com/html/template/assets/plugins/icons/flags/flags/cm.png]
[smarthr.dreamstechnologies.com/html/template/assets/plugins/icons/flags/flags/cn.png]
[smarthr.dreamstechnologies.com/html/template/assets/plugins/icons/flags/flags/co.png]
[smarthr.dreamstechnologies.com/html/template/assets/plugins/icons/flags/flags/cr.png]
[smarthr.dreamstechnologies.com/html/template/assets/plugins/icons/flags/flags/cu.png]
[smarthr.dreamstechnologies.com/html/template/assets/plugins/icons/flags/flags/cv.png]
[smarthr.dreamstechnologies.com/html/template/assets/plugins/icons/flags/flags/cw.png]
[smarthr.dreamstechnologies.com/html/template/assets/plugins/icons/flags/flags/cx.png]
[smarthr.dreamstechnologies.com/html/template/assets/plugins/icons/flags/flags/cy.png]
[smarthr.dreamstechnologies.com/html/template/assets/plugins/icons/flags/flags/cz.png]
[smarthr.dreamstechnologies.com/html/template/assets/plugins/icons/flags/flags/de.png]
[smarthr.dreamstechnologies.com/html/template/assets/plugins/icons/flags/flags/dj.png]
[smarthr.dreamstechnologies.com/html/template/assets/plugins/icons/flags/flags/dk.png]
[smarthr.dreamstechnologies.com/html/template/assets/plugins/icons/flags/flags/dm.png]
[smarthr.dreamstechnologies.com/html/template/assets/plugins/icons/flags/flags/do.png]
[smarthr.dreamstechnologies.com/html/template/assets/plugins/icons/flags/flags/dz.png]
[smarthr.dreamstechnologies.com/html/template/assets/plugins/icons/flags/flags/ec.png]
[smarthr.dreamstechnologies.com/html/template/assets/plugins/icons/flags/flags/ee.png]
[smarthr.dreamstechnologies.com/html/template/assets/plugins/icons/flags/flags/eg.png]
[smarthr.dreamstechnologies.com/html/template/assets/plugins/icons/flags/flags/eh.png]
[smarthr.dreamstechnologies.com/html/template/assets/plugins/icons/flags/flags/er.png]
[smarthr.dreamstechnologies.com/html/template/assets/plugins/icons/flags/flags/es.png]
[smarthr.dreamstechnologies.com/html/template/assets/plugins/icons/flags/flags/et.png]
[smarthr.dreamstechnologies.com/html/template/assets/plugins/icons/flags/flags/eu.png]
[smarthr.dreamstechnologies.com/html/template/assets/plugins/icons/flags/flags/fi.png]
[smarthr.dreamstechnologies.com/html/template/assets/plugins/icons/flags/flags/fj.png]
[smarthr.dreamstechnologies.com/html/template/assets/plugins/icons/flags/flags/fk.png]
[smarthr.dreamstechnologies.com/html/template/assets/plugins/icons/flags/flags/fm.png]
[smarthr.dreamstechnologies.com/html/template/assets/plugins/icons/flags/flags/fo.png]
[smarthr.dreamstechnologies.com/html/template/assets/plugins/icons/flags/flags/fr.png]
[smarthr.dreamstechnologies.com/html/template/assets/plugins/icons/flags/flags/ga.png]
[smarthr.dreamstechnologies.com/html/template/assets/plugins/icons/flags/flags/gb-eng.png]
[smarthr.dreamstechnologies.com/html/template/assets/plugins/icons/flags/flags/gb-nir.png]
[smarthr.dreamstechnologies.com/html/template/assets/plugins/icons/flags/flags/gb-sct.png]
[smarthr.dreamstechnologies.com/html/template/assets/plugins/icons/flags/flags/gb-wls.png]
[smarthr.dreamstechnologies.com/html/template/assets/plugins/icons/flags/flags/gb.png]
[smarthr.dreamstechnologies.com/html/template/assets/plugins/icons/flags/flags/gd.png]
[smarthr.dreamstechnologies.com/html/template/assets/plugins/icons/flags/flags/ge.png]
[smarthr.dreamstechnologies.com/html/template/assets/plugins/icons/flags/flags/gf.png]
[smarthr.dreamstechnologies.com/html/template/assets/plugins/icons/flags/flags/gg.png]
[smarthr.dreamstechnologies.com/html/template/assets/plugins/icons/flags/flags/gh.png]
[smarthr.dreamstechnologies.com/html/template/assets/plugins/icons/flags/flags/gi.png]
[smarthr.dreamstechnologies.com/html/template/assets/plugins/icons/flags/flags/gl.png]
[smarthr.dreamstechnologies.com/html/template/assets/plugins/icons/flags/flags/gm.png]
[smarthr.dreamstechnologies.com/html/template/assets/plugins/icons/flags/flags/gn.png]
[smarthr.dreamstechnologies.com/html/template/assets/plugins/icons/flags/flags/gp.png]
[smarthr.dreamstechnologies.com/html/template/assets/plugins/icons/flags/flags/gq.png]
[smarthr.dreamstechnologies.com/html/template/assets/plugins/icons/flags/flags/gr.png]
[smarthr.dreamstechnologies.com/html/template/assets/plugins/icons/flags/flags/gs.png]
[smarthr.dreamstechnologies.com/html/template/assets/plugins/icons/flags/flags/gt.png]
[smarthr.dreamstechnologies.com/html/template/assets/plugins/icons/flags/flags/gu.png]
[smarthr.dreamstechnologies.com/html/template/assets/plugins/icons/flags/flags/gw.png]
[smarthr.dreamstechnologies.com/html/template/assets/plugins/icons/flags/flags/gy.png]
[smarthr.dreamstechnologies.com/html/template/assets/plugins/icons/flags/flags/hk.png]
[smarthr.dreamstechnologies.com/html/template/assets/plugins/icons/flags/flags/hm.png]
[smarthr.dreamstechnologies.com/html/template/assets/plugins/icons/flags/flags/hn.png]
[smarthr.dreamstechnologies.com/html/template/assets/plugins/icons/flags/flags/hr.png]
[smarthr.dreamstechnologies.com/html/template/assets/plugins/icons/flags/flags/ht.png]
[smarthr.dreamstechnologies.com/html/template/assets/plugins/icons/flags/flags/hu.png]
[smarthr.dreamstechnologies.com/html/template/assets/plugins/icons/flags/flags/id.png]
[smarthr.dreamstechnologies.com/html/template/assets/plugins/icons/flags/flags/ie.png]
[smarthr.dreamstechnologies.com/html/template/assets/plugins/icons/flags/flags/il.png]
[smarthr.dreamstechnologies.com/html/template/assets/plugins/icons/flags/flags/im.png]
[smarthr.dreamstechnologies.com/html/template/assets/plugins/icons/flags/flags/in.png]
[smarthr.dreamstechnologies.com/html/template/assets/plugins/icons/flags/flags/io.png]
[smarthr.dreamstechnologies.com/html/template/assets/plugins/icons/flags/flags/iq.png]
[smarthr.dreamstechnologies.com/html/template/assets/plugins/icons/flags/flags/ir.png]
[smarthr.dreamstechnologies.com/html/template/assets/plugins/icons/flags/flags/is.png]
[smarthr.dreamstechnologies.com/html/template/assets/plugins/icons/flags/flags/it.png]
[smarthr.dreamstechnologies.com/html/template/assets/plugins/icons/flags/flags/je.png]
[smarthr.dreamstechnologies.com/html/template/assets/plugins/icons/flags/flags/jm.png]
[smarthr.dreamstechnologies.com/html/template/assets/plugins/icons/flags/flags/jo.png]
[smarthr.dreamstechnologies.com/html/template/assets/plugins/icons/flags/flags/jp.png]
[smarthr.dreamstechnologies.com/html/template/assets/plugins/icons/flags/flags/ke.png]
[smarthr.dreamstechnologies.com/html/template/assets/plugins/icons/flags/flags/kg.png]
[smarthr.dreamstechnologies.com/html/template/assets/plugins/icons/flags/flags/kh.png]
[smarthr.dreamstechnologies.com/html/template/assets/plugins/icons/flags/flags/ki.png]
[smarthr.dreamstechnologies.com/html/template/assets/plugins/icons/flags/flags/km.png]
[smarthr.dreamstechnologies.com/html/template/assets/plugins/icons/flags/flags/kn.png]
[smarthr.dreamstechnologies.com/html/template/assets/plugins/icons/flags/flags/kp.png]
[smarthr.dreamstechnologies.com/html/template/assets/plugins/icons/flags/flags/kr.png]
[smarthr.dreamstechnologies.com/html/template/assets/plugins/icons/flags/flags/kw.png]
[smarthr.dreamstechnologies.com/html/template/assets/plugins/icons/flags/flags/ky.png]
[smarthr.dreamstechnologies.com/html/template/assets/plugins/icons/flags/flags/kz.png]
[smarthr.dreamstechnologies.com/html/template/assets/plugins/icons/flags/flags/la.png]
[smarthr.dreamstechnologies.com/html/template/assets/plugins/icons/flags/flags/lb.png]
[smarthr.dreamstechnologies.com/html/template/assets/plugins/icons/flags/flags/lc.png]
[smarthr.dreamstechnologies.com/html/template/assets/plugins/icons/flags/flags/li.png]
[smarthr.dreamstechnologies.com/html/template/assets/plugins/icons/flags/flags/lk.png]
[smarthr.dreamstechnologies.com/html/template/assets/plugins/icons/flags/flags/lr.png]
[smarthr.dreamstechnologies.com/html/template/assets/plugins/icons/flags/flags/ls.png]
[smarthr.dreamstechnologies.com/html/template/assets/plugins/icons/flags/flags/lt.png]
[smarthr.dreamstechnologies.com/html/template/assets/plugins/icons/flags/flags/lu.png]
[smarthr.dreamstechnologies.com/html/template/assets/plugins/icons/flags/flags/lv.png]
[smarthr.dreamstechnologies.com/html/template/assets/plugins/icons/flags/flags/ly.png]
[smarthr.dreamstechnologies.com/html/template/assets/plugins/icons/flags/flags/ma.png]
[smarthr.dreamstechnologies.com/html/template/assets/plugins/icons/flags/flags/mc.png]
[smarthr.dreamstechnologies.com/html/template/assets/plugins/icons/flags/flags/md.png]
[smarthr.dreamstechnologies.com/html/template/assets/plugins/icons/flags/flags/me.png]
[smarthr.dreamstechnologies.com/html/template/assets/plugins/icons/flags/flags/mf.png]
[smarthr.dreamstechnologies.com/html/template/assets/plugins/icons/flags/flags/mg.png]
[smarthr.dreamstechnologies.com/html/template/assets/plugins/icons/flags/flags/mh.png]
[smarthr.dreamstechnologies.com/html/template/assets/plugins/icons/flags/flags/mk.png]
[smarthr.dreamstechnologies.com/html/template/assets/plugins/icons/flags/flags/ml.png]
[smarthr.dreamstechnologies.com/html/template/assets/plugins/icons/flags/flags/mm.png]
[smarthr.dreamstechnologies.com/html/template/assets/plugins/icons/flags/flags/mn.png]
[smarthr.dreamstechnologies.com/html/template/assets/plugins/icons/flags/flags/mo.png]
[smarthr.dreamstechnologies.com/html/template/assets/plugins/icons/flags/flags/mp.png]
[smarthr.dreamstechnologies.com/html/template/assets/plugins/icons/flags/flags/mq.png]
[smarthr.dreamstechnologies.com/html/template/assets/plugins/icons/flags/flags/mr.png]
[smarthr.dreamstechnologies.com/html/template/assets/plugins/icons/flags/flags/ms.png]
[smarthr.dreamstechnologies.com/html/template/assets/plugins/icons/flags/flags/mt.png]
[smarthr.dreamstechnologies.com/html/template/assets/plugins/icons/flags/flags/mu.png]
[smarthr.dreamstechnologies.com/html/template/assets/plugins/icons/flags/flags/mv.png]
[smarthr.dreamstechnologies.com/html/template/assets/plugins/icons/flags/flags/mw.png]
[smarthr.dreamstechnologies.com/html/template/assets/plugins/icons/flags/flags/mx.png]
[smarthr.dreamstechnologies.com/html/template/assets/plugins/icons/flags/flags/my.png]
[smarthr.dreamstechnologies.com/html/template/assets/plugins/icons/flags/flags/mz.png]
[smarthr.dreamstechnologies.com/html/template/assets/plugins/icons/flags/flags/na.png]
[smarthr.dreamstechnologies.com/html/template/assets/plugins/icons/flags/flags/nc.png]
[smarthr.dreamstechnologies.com/html/template/assets/plugins/icons/flags/flags/ne.png]
[smarthr.dreamstechnologies.com/html/template/assets/plugins/icons/flags/flags/nf.png]
[smarthr.dreamstechnologies.com/html/template/assets/plugins/icons/flags/flags/ng.png]
[smarthr.dreamstechnologies.com/html/template/assets/plugins/icons/flags/flags/ni.png]
[smarthr.dreamstechnologies.com/html/template/assets/plugins/icons/flags/flags/nl.png]
[smarthr.dreamstechnologies.com/html/template/assets/plugins/icons/flags/flags/no.png]
[smarthr.dreamstechnologies.com/html/template/assets/plugins/icons/flags/flags/np.png]
[smarthr.dreamstechnologies.com/html/template/assets/plugins/icons/flags/flags/nr.png]
[smarthr.dreamstechnologies.com/html/template/assets/plugins/icons/flags/flags/nu.png]
[smarthr.dreamstechnologies.com/html/template/assets/plugins/icons/flags/flags/nz.png]
[smarthr.dreamstechnologies.com/html/template/assets/plugins/icons/flags/flags/om.png]
[smarthr.dreamstechnologies.com/html/template/assets/plugins/icons/flags/flags/pa.png]
[smarthr.dreamstechnologies.com/html/template/assets/plugins/icons/flags/flags/pe.png]
[smarthr.dreamstechnologies.com/html/template/assets/plugins/icons/flags/flags/pf.png]
[smarthr.dreamstechnologies.com/html/template/assets/plugins/icons/flags/flags/pg.png]
[smarthr.dreamstechnologies.com/html/template/assets/plugins/icons/flags/flags/ph.png]
[smarthr.dreamstechnologies.com/html/template/assets/plugins/icons/flags/flags/pk.png]
[smarthr.dreamstechnologies.com/html/template/assets/plugins/icons/flags/flags/pl.png]
[smarthr.dreamstechnologies.com/html/template/assets/plugins/icons/flags/flags/pm.png]
[smarthr.dreamstechnologies.com/html/template/assets/plugins/icons/flags/flags/pn.png]
[smarthr.dreamstechnologies.com/html/template/assets/plugins/icons/flags/flags/pr.png]
[smarthr.dreamstechnologies.com/html/template/assets/plugins/icons/flags/flags/ps.png]
[smarthr.dreamstechnologies.com/html/template/assets/plugins/icons/flags/flags/pt.png]
[smarthr.dreamstechnologies.com/html/template/assets/plugins/icons/flags/flags/pw.png]
[smarthr.dreamstechnologies.com/html/template/assets/plugins/icons/flags/flags/py.png]
[smarthr.dreamstechnologies.com/html/template/assets/plugins/icons/flags/flags/qa.png]
[smarthr.dreamstechnologies.com/html/template/assets/plugins/icons/flags/flags/re.png]
[smarthr.dreamstechnologies.com/html/template/assets/plugins/icons/flags/flags/ro.png]
[smarthr.dreamstechnologies.com/html/template/assets/plugins/icons/flags/flags/rs.png]
[smarthr.dreamstechnologies.com/html/template/assets/plugins/icons/flags/flags/ru.png]
[smarthr.dreamstechnologies.com/html/template/assets/plugins/icons/flags/flags/rw.png]
[smarthr.dreamstechnologies.com/html/template/assets/plugins/icons/flags/flags/sa.png]
[smarthr.dreamstechnologies.com/html/template/assets/plugins/icons/flags/flags/sb.png]
[smarthr.dreamstechnologies.com/html/template/assets/plugins/icons/flags/flags/sc.png]
[smarthr.dreamstechnologies.com/html/template/assets/plugins/icons/flags/flags/sd.png]
[smarthr.dreamstechnologies.com/html/template/assets/plugins/icons/flags/flags/se.png]
[smarthr.dreamstechnologies.com/html/template/assets/plugins/icons/flags/flags/sg.png]
[smarthr.dreamstechnologies.com/html/template/assets/plugins/icons/flags/flags/sh.png]
[smarthr.dreamstechnologies.com/html/template/assets/plugins/icons/flags/flags/si.png]
[smarthr.dreamstechnologies.com/html/template/assets/plugins/icons/flags/flags/sj.png]
[smarthr.dreamstechnologies.com/html/template/assets/plugins/icons/flags/flags/sk.png]
[smarthr.dreamstechnologies.com/html/template/assets/plugins/icons/flags/flags/sl.png]
[smarthr.dreamstechnologies.com/html/template/assets/plugins/icons/flags/flags/sm.png]
[smarthr.dreamstechnologies.com/html/template/assets/plugins/icons/flags/flags/sn.png]
[smarthr.dreamstechnologies.com/html/template/assets/plugins/icons/flags/flags/so.png]
[smarthr.dreamstechnologies.com/html/template/assets/plugins/icons/flags/flags/sr.png]
[smarthr.dreamstechnologies.com/html/template/assets/plugins/icons/flags/flags/ss.png]
[smarthr.dreamstechnologies.com/html/template/assets/plugins/icons/flags/flags/st.png]
[smarthr.dreamstechnologies.com/html/template/assets/plugins/icons/flags/flags/sv.png]
[smarthr.dreamstechnologies.com/html/template/assets/plugins/icons/flags/flags/sx.png]
[smarthr.dreamstechnologies.com/html/template/assets/plugins/icons/flags/flags/sy.png]
[smarthr.dreamstechnologies.com/html/template/assets/plugins/icons/flags/flags/sz.png]
[smarthr.dreamstechnologies.com/html/template/assets/plugins/icons/flags/flags/tc.png]
[smarthr.dreamstechnologies.com/html/template/assets/plugins/icons/flags/flags/td.png]
[smarthr.dreamstechnologies.com/html/template/assets/plugins/icons/flags/flags/tf.png]
[smarthr.dreamstechnologies.com/html/template/assets/plugins/icons/flags/flags/tg.png]
[smarthr.dreamstechnologies.com/html/template/assets/plugins/icons/flags/flags/th.png]
[smarthr.dreamstechnologies.com/html/template/assets/plugins/icons/flags/flags/tj.png]
[smarthr.dreamstechnologies.com/html/template/assets/plugins/icons/flags/flags/tk.png]
[smarthr.dreamstechnologies.com/html/template/assets/plugins/icons/flags/flags/tl.png]
[smarthr.dreamstechnologies.com/html/template/assets/plugins/icons/flags/flags/tm.png]
[smarthr.dreamstechnologies.com/html/template/assets/plugins/icons/flags/flags/tn.png]
[smarthr.dreamstechnologies.com/html/template/assets/plugins/icons/flags/flags/to.png]
[smarthr.dreamstechnologies.com/html/template/assets/plugins/icons/flags/flags/tr.png]
[smarthr.dreamstechnologies.com/html/template/assets/plugins/icons/flags/flags/tt.png]
[smarthr.dreamstechnologies.com/html/template/assets/plugins/icons/flags/flags/tv.png]
[smarthr.dreamstechnologies.com/html/template/assets/plugins/icons/flags/flags/tw.png]
[smarthr.dreamstechnologies.com/html/template/assets/plugins/icons/flags/flags/tz.png]
[smarthr.dreamstechnologies.com/html/template/assets/plugins/icons/flags/flags/ua.png]
[smarthr.dreamstechnologies.com/html/template/assets/plugins/icons/flags/flags/ug.png]
[smarthr.dreamstechnologies.com/html/template/assets/plugins/icons/flags/flags/um.png]
[smarthr.dreamstechnologies.com/html/template/assets/plugins/icons/flags/flags/un.png]
[smarthr.dreamstechnologies.com/html/template/assets/plugins/icons/flags/flags/us.png]
[smarthr.dreamstechnologies.com/html/template/assets/plugins/icons/flags/flags/uy.png]
[smarthr.dreamstechnologies.com/html/template/assets/plugins/icons/flags/flags/uz.png]
[smarthr.dreamstechnologies.com/html/template/assets/plugins/icons/flags/flags/va.png]
[smarthr.dreamstechnologies.com/html/template/assets/plugins/icons/flags/flags/vc.png]
[smarthr.dreamstechnologies.com/html/template/assets/plugins/icons/flags/flags/ve.png]
[smarthr.dreamstechnologies.com/html/template/assets/plugins/icons/flags/flags/vg.png]
[smarthr.dreamstechnologies.com/html/template/assets/plugins/icons/flags/flags/vi.png]
[smarthr.dreamstechnologies.com/html/template/assets/plugins/icons/flags/flags/vn.png]
[smarthr.dreamstechnologies.com/html/template/assets/plugins/icons/flags/flags/vu.png]
[smarthr.dreamstechnologies.com/html/template/assets/plugins/icons/flags/flags/wf.png]
[smarthr.dreamstechnologies.com/html/template/assets/plugins/icons/flags/flags/ws.png]
[smarthr.dreamstechnologies.com/html/template/assets/plugins/icons/flags/flags/ye.png]
[smarthr.dreamstechnologies.com/html/template/assets/plugins/icons/flags/flags/yt.png]
[smarthr.dreamstechnologies.com/html/template/assets/plugins/icons/flags/flags/za.png]
[smarthr.dreamstechnologies.com/html/template/assets/plugins/icons/flags/flags/zm.png]
[smarthr.dreamstechnologies.com/html/template/assets/plugins/icons/flags/flags/zw.png]
[smarthr.dreamstechnologies.com/html/template/assets/plugins/icons/flags/flags.css]
[smarthr.dreamstechnologies.com/html/template/assets/plugins/select2/css/select2.min.css]
[smarthr.dreamstechnologies.com/html/template/assets/plugins/daterangepicker/daterangepicker.css]
[smarthr.dreamstechnologies.com/html/template/assets/img/icons/icon-01.svg]
[smarthr.dreamstechnologies.com/html/template/assets/img/icons/icon-03.svg]
[smarthr.dreamstechnologies.com/html/template/assets/img/icons/icon-04.svg]
[smarthr.dreamstechnologies.com/html/template/assets/img/icons/icon-05.svg]
[smarthr.dreamstechnologies.com/html/template/assets/img/icons/icon-02.svg]
[smarthr.dreamstechnologies.com/html/template/job-view.html]
[smarthr.dreamstechnologies.com/html/template/assets/img/github.html]
[smarthr.dreamstechnologies.com/html/template/job-aptitude.html]
[smarthr.dreamstechnologies.com/html/template/assets/plugins/icons/feather/fonts/feather-webfont6cfa.html]
[smarthr.dreamstechnologies.com/html/template/assets/plugins/icons/feather/fonts/feather-webfont6cfa-2.html]
[smarthr.dreamstechnologies.com/html/template/assets/plugins/icons/feather/fonts/feather-webfont6cfa-3.html]
[smarthr.dreamstechnologies.com/html/template/assets/plugins/icons/ionic/fonts/ioniconsaa26.html]
[smarthr.dreamstechnologies.com/html/template/assets/plugins/icons/ionic/fonts/ioniconsaa26-2.html]
[smarthr.dreamstechnologies.com/html/template/assets/plugins/icons/ionic/fonts/ioniconsaa26-3.html]
[smarthr.dreamstechnologies.com/html/template/assets/plugins/material/fonts/materialdesignicons-webfontdf71.html]
[smarthr.dreamstechnologies.com/html/template/assets/plugins/material/fonts/materialdesignicons-webfontd41d.html]
[smarthr.dreamstechnologies.com/html/template/assets/plugins/material/fonts/materialdesignicons/materialdesignicons-webfontdf71.html]
[smarthr.dreamstechnologies.com/html/template/assets/plugins/material/fonts/materialdesignicons/materialdesignicons-webfontdf71-2.html]
[smarthr.dreamstechnologies.com/html/template/assets/plugins/material/fonts/materialdesignicons/materialdesignicons-webfontdf71-3.html]
[smarthr.dreamstechnologies.com/html/template/assets/plugins/material/fonts/Material-Design-Iconic-Fontd1f1.html]
[smarthr.dreamstechnologies.com/html/template/assets/plugins/material/fonts/Material-Design-Iconic-Fontd1f1-2.html]
[smarthr.dreamstechnologies.com/html/template/assets/plugins/icons/pe7/fonts/Pe-icon-7-strokebb1d.html]
[smarthr.dreamstechnologies.com/html/template/assets/plugins/icons/pe7/fonts/Pe-icon-7-stroked41d.html]
[smarthr.dreamstechnologies.com/html/template/assets/plugins/icons/pe7/fonts/Pe-icon-7-strokebb1d-2.html]
[smarthr.dreamstechnologies.com/html/template/assets/plugins/icons/pe7/fonts/Pe-icon-7-strokebb1d-3.html]
[smarthr.dreamstechnologies.com/html/template/assets/plugins/simpleline/fonts/Simple-Line-Iconsb26c.html]
[smarthr.dreamstechnologies.com/html/template/assets/plugins/simpleline/fonts/Simple-Line-Iconsb26c-2.html]
[smarthr.dreamstechnologies.com/html/template/assets/plugins/simpleline/fonts/Simple-Line-Iconsb26c-3.html]
[smarthr.dreamstechnologies.com/html/template/assets/plugins/simpleline/fonts/Simple-Line-Iconsb26c-4.html]
[smarthr.dreamstechnologies.com/html/template/assets/plugins/icons/themify/fonts/themify9f24.html]
[smarthr.dreamstechnologies.com/html/template/assets/plugins/icons/themify/fonts/themifyd41d.html]
[smarthr.dreamstechnologies.com/html/template/assets/plugins/icons/themify/fonts/themify9f24-2.html]
[smarthr.dreamstechnologies.com/html/template/assets/plugins/icons/themify/fonts/themify9f24-3.html]
[smarthr.dreamstechnologies.com/html/template/assets/plugins/icons/weather/fonts/weathericons-regular-webfont.html]
[smarthr.dreamstechnologies.com/html/template/assets/plugins/icons/weather/fonts/weathericons-regular-webfontd41d.html]
[smarthr.dreamstechnologies.com/html/template/assets/plugins/icons/weather/fonts/weathericons-regular-webfont-2.html]
[smarthr.dreamstechnologies.com/html/template/assets/plugins/icons/weather/fonts/weathericons-regular-webfont-3.html]
[smarthr.dreamstechnologies.com/html/template/assets/plugins/icons/weather/fonts/weathericons-regular-webfont-4.html]
[smarthr.dreamstechnologies.com/html/template/assets/plugins/icons/typicons/fonts/typicons.html]
[smarthr.dreamstechnologies.com/html/template/assets/plugins/icons/typicons/fonts/typiconsd41d.html]
[smarthr.dreamstechnologies.com/html/template/assets/plugins/icons/typicons/fonts/typicons-2.html]
[smarthr.dreamstechnologies.com/html/template/assets/plugins/icons/typicons/fonts/typicons-3.html]
[smarthr.dreamstechnologies.com/html/template/assets/plugins/icons/flags/flags/aq.html]
[smarthr.dreamstechnologies.com/html/template/assets/plugins/icons/flags/flags/eh.html]
[smarthr.dreamstechnologies.com/html/template/assets/plugins/icons/flags/flags/eu.html]
[smarthr.dreamstechnologies.com/html/template/assets/plugins/icons/flags/flags/gb-eng.html]
[smarthr.dreamstechnologies.com/html/template/assets/plugins/icons/flags/flags/gb-nir.html]
[smarthr.dreamstechnologies.com/html/template/assets/plugins/icons/flags/flags/gb-sct.html]
[smarthr.dreamstechnologies.com/html/template/assets/plugins/icons/flags/flags/gb-wls.html]
[smarthr.dreamstechnologies.com/html/template/assets/plugins/icons/flags/flags/hm.html]
[smarthr.dreamstechnologies.com/html/template/assets/plugins/icons/flags/flags/mf.html]
[smarthr.dreamstechnologies.com/html/template/assets/plugins/icons/flags/flags/sj.html]
[smarthr.dreamstechnologies.com/html/template/assets/plugins/icons/flags/flags/un.html]
[smarthr.dreamstechnologies.com/html/template/questions.html]
[smarthr.dreamstechnologies.com/html/template/questions.html]
